// Vitest Snapshot v1

exports[`<Confirm /> > images の API コールが行われない（「いいえ」ボタンクリック） 1`] = `"<h6 class=\\"MuiTypography-root MuiTypography-subtitle1 MuiTypography-root css-xxxxxxxx\\">リリース時に使用するイメージを選択します。</h6><h6 class=\\"MuiTypography-root MuiTypography-subtitle1 MuiTypography-root css-xxxxxxxx\\">よろしいですか？</h6><div class=\\"MuiBox-root css-xxxxxxxx\\"></div><div class=\\"MuiStack-root css-xxxxxxxx\\"><button type=\\"button\\" title=\\"はい\\" tabindex=\\"0\\" class=\\"MuiButtonBase-root MuiButton-root MuiButton-contained MuiButton-containedPrimary MuiButton-sizeSmall MuiButton-containedSizeSmall MuiButton-root MuiButtonBase-root css-xxxxxxxx\\">はい<span class=\\"MuiTouchRipple-root css-xxxxxxxx\\"></span></button><button type=\\"button\\" title=\\"いいえ\\" tabindex=\\"0\\" class=\\"MuiButtonBase-root MuiButton-root MuiButton-outlined MuiButton-outlinedInherit MuiButton-sizeSmall MuiButton-outlinedSizeSmall MuiButton-colorInherit MuiButton-root MuiButtonBase-root css-xxxxxxxx\\">いいえ<span class=\\"MuiTouchRipple-root css-xxxxxxxx\\"></span></button></div>"`;

exports[`<Confirm /> > images の API コールが行われる（「はい」ボタンクリック） 1`] = `"<h6 class=\\"MuiTypography-root MuiTypography-subtitle1 MuiTypography-root css-xxxxxxxx\\">リリース時に使用するイメージを選択します。</h6><h6 class=\\"MuiTypography-root MuiTypography-subtitle1 MuiTypography-root css-xxxxxxxx\\">よろしいですか？</h6><div class=\\"MuiBox-root css-xxxxxxxx\\"></div><div class=\\"MuiStack-root css-xxxxxxxx\\"><button type=\\"button\\" title=\\"はい\\" tabindex=\\"0\\" class=\\"MuiButtonBase-root MuiButton-root MuiButton-contained MuiButton-containedPrimary MuiButton-sizeSmall MuiButton-containedSizeSmall MuiButton-root MuiButtonBase-root css-xxxxxxxx\\">はい<span class=\\"MuiTouchRipple-root css-xxxxxxxx\\"></span></button><button type=\\"button\\" title=\\"いいえ\\" tabindex=\\"0\\" class=\\"MuiButtonBase-root MuiButton-root MuiButton-outlined MuiButton-outlinedInherit MuiButton-sizeSmall MuiButton-outlinedSizeSmall MuiButton-colorInherit MuiButton-root MuiButtonBase-root css-xxxxxxxx\\">いいえ<span class=\\"MuiTouchRipple-root css-xxxxxxxx\\"></span></button></div>"`;
