// Vitest Snapshot v1

exports[`<ImageList /> > Confirm が表示されない（前回選択と同じボタンをクリック） 1`] = `"<div aria-live=\\"polite\\" class=\\"MuiBox-root css-xxxxxxxx\\"><div class=\\"MuiTableContainer-root css-xxxxxxxx\\"><table aria-label=\\"simple table\\" class=\\"MuiTable-root css-xxxxxxxx\\"><thead class=\\"MuiTableHead-root css-xxxxxxxx\\"><tr class=\\"MuiTableRow-root css-xxxxxxxx\\"><td scope=\\"col\\" class=\\"MuiTableCell-root MuiTableCell-head MuiTableCell-sizeMedium MuiTableCell-root css-xxxxxxxx\\">選択</td><td scope=\\"col\\" class=\\"MuiTableCell-root MuiTableCell-head MuiTableCell-sizeMedium MuiTableCell-root css-xxxxxxxx\\">イメージタグ（注：タグのないイメージは一覧から除外）</td><td scope=\\"col\\" class=\\"MuiTableCell-root MuiTableCell-head MuiTableCell-sizeMedium MuiTableCell-root css-xxxxxxxx\\">プッシュ日時</td><td scope=\\"col\\" class=\\"MuiTableCell-root MuiTableCell-head MuiTableCell-sizeMedium MuiTableCell-root css-xxxxxxxx\\">サイズ（MB）</td></tr></thead><tbody class=\\"MuiTableBody-root css-xxxxxxxx\\"><tr class=\\"MuiTableRow-root css-xxxxxxxx\\"><th scope=\\"row\\" class=\\"MuiTableCell-root MuiTableCell-body MuiTableCell-sizeMedium MuiTableCell-root css-xxxxxxxx\\"><button type=\\"button\\" class=\\"MuiButtonBase-root MuiButton-root MuiButton-contained MuiButton-containedPrimary MuiButton-sizeSmall MuiButton-containedSizeSmall MuiButton-root MuiButtonBase-root css-xxxxxxxx\\" title=\\"hoge, release を選択\\" tabindex=\\"0\\">選択<span class=\\"MuiTouchRipple-root css-xxxxxxxx\\"></span></button></th><td class=\\"MuiTableCell-root MuiTableCell-body MuiTableCell-sizeMedium MuiTableCell-root css-xxxxxxxx\\">hoge, release</td><td class=\\"MuiTableCell-root MuiTableCell-body MuiTableCell-sizeMedium MuiTableCell-root css-xxxxxxxx\\">2022-09-12 14:45</td><td class=\\"MuiTableCell-root MuiTableCell-body MuiTableCell-alignRight MuiTableCell-sizeMedium MuiTableCell-root css-xxxxxxxx\\">0.01</td></tr><tr class=\\"MuiTableRow-root css-xxxxxxxx\\"><th scope=\\"row\\" class=\\"MuiTableCell-root MuiTableCell-body MuiTableCell-sizeMedium MuiTableCell-root css-xxxxxxxx\\"><button type=\\"button\\" class=\\"MuiButtonBase-root MuiButton-root MuiButton-outlined MuiButton-outlinedInherit MuiButton-sizeSmall MuiButton-outlinedSizeSmall MuiButton-colorInherit MuiButton-root MuiButtonBase-root css-xxxxxxxx\\" title=\\"latest を選択\\" tabindex=\\"0\\">選択<span class=\\"MuiTouchRipple-root css-xxxxxxxx\\"></span></button></th><td class=\\"MuiTableCell-root MuiTableCell-body MuiTableCell-sizeMedium MuiTableCell-root css-xxxxxxxx\\">latest</td><td class=\\"MuiTableCell-root MuiTableCell-body MuiTableCell-sizeMedium MuiTableCell-root css-xxxxxxxx\\">2022-09-12 14:45</td><td class=\\"MuiTableCell-root MuiTableCell-body MuiTableCell-alignRight MuiTableCell-sizeMedium MuiTableCell-root css-xxxxxxxx\\">2</td></tr></tbody></table></div></div>"`;

exports[`<ImageList /> > Confirm が表示されない（前回選択と同じボタンをクリック） 2`] = `"<div aria-live=\\"polite\\" class=\\"MuiBox-root css-xxxxxxxx\\"><div class=\\"MuiTableContainer-root css-xxxxxxxx\\"><table aria-label=\\"simple table\\" class=\\"MuiTable-root css-xxxxxxxx\\"><thead class=\\"MuiTableHead-root css-xxxxxxxx\\"><tr class=\\"MuiTableRow-root css-xxxxxxxx\\"><td scope=\\"col\\" class=\\"MuiTableCell-root MuiTableCell-head MuiTableCell-sizeMedium MuiTableCell-root css-xxxxxxxx\\">選択</td><td scope=\\"col\\" class=\\"MuiTableCell-root MuiTableCell-head MuiTableCell-sizeMedium MuiTableCell-root css-xxxxxxxx\\">イメージタグ（注：タグのないイメージは一覧から除外）</td><td scope=\\"col\\" class=\\"MuiTableCell-root MuiTableCell-head MuiTableCell-sizeMedium MuiTableCell-root css-xxxxxxxx\\">プッシュ日時</td><td scope=\\"col\\" class=\\"MuiTableCell-root MuiTableCell-head MuiTableCell-sizeMedium MuiTableCell-root css-xxxxxxxx\\">サイズ（MB）</td></tr></thead><tbody class=\\"MuiTableBody-root css-xxxxxxxx\\"><tr class=\\"MuiTableRow-root css-xxxxxxxx\\"><th scope=\\"row\\" class=\\"MuiTableCell-root MuiTableCell-body MuiTableCell-sizeMedium MuiTableCell-root css-xxxxxxxx\\"><button type=\\"button\\" class=\\"MuiButtonBase-root MuiButton-root MuiButton-contained MuiButton-containedPrimary MuiButton-sizeSmall MuiButton-containedSizeSmall MuiButton-root MuiButtonBase-root css-xxxxxxxx\\" title=\\"hoge, release を選択\\" tabindex=\\"0\\">選択<span class=\\"MuiTouchRipple-root css-xxxxxxxx\\"></span></button></th><td class=\\"MuiTableCell-root MuiTableCell-body MuiTableCell-sizeMedium MuiTableCell-root css-xxxxxxxx\\">hoge, release</td><td class=\\"MuiTableCell-root MuiTableCell-body MuiTableCell-sizeMedium MuiTableCell-root css-xxxxxxxx\\">2022-09-12 14:45</td><td class=\\"MuiTableCell-root MuiTableCell-body MuiTableCell-alignRight MuiTableCell-sizeMedium MuiTableCell-root css-xxxxxxxx\\">0.01</td></tr><tr class=\\"MuiTableRow-root css-xxxxxxxx\\"><th scope=\\"row\\" class=\\"MuiTableCell-root MuiTableCell-body MuiTableCell-sizeMedium MuiTableCell-root css-xxxxxxxx\\"><button type=\\"button\\" class=\\"MuiButtonBase-root MuiButton-root MuiButton-outlined MuiButton-outlinedInherit MuiButton-sizeSmall MuiButton-outlinedSizeSmall MuiButton-colorInherit MuiButton-root MuiButtonBase-root css-xxxxxxxx\\" title=\\"latest を選択\\" tabindex=\\"0\\">選択<span class=\\"MuiTouchRipple-root css-xxxxxxxx\\"></span></button></th><td class=\\"MuiTableCell-root MuiTableCell-body MuiTableCell-sizeMedium MuiTableCell-root css-xxxxxxxx\\">latest</td><td class=\\"MuiTableCell-root MuiTableCell-body MuiTableCell-sizeMedium MuiTableCell-root css-xxxxxxxx\\">2022-09-12 14:45</td><td class=\\"MuiTableCell-root MuiTableCell-body MuiTableCell-alignRight MuiTableCell-sizeMedium MuiTableCell-root css-xxxxxxxx\\">2</td></tr></tbody></table></div></div>"`;

exports[`<ImageList /> > Confirm が表示される（前回選択と違うボタンをクリック） 1`] = `"<div aria-live=\\"polite\\" class=\\"MuiBox-root css-xxxxxxxx\\"><div class=\\"MuiTableContainer-root css-xxxxxxxx\\"><table aria-label=\\"simple table\\" class=\\"MuiTable-root css-xxxxxxxx\\"><thead class=\\"MuiTableHead-root css-xxxxxxxx\\"><tr class=\\"MuiTableRow-root css-xxxxxxxx\\"><td scope=\\"col\\" class=\\"MuiTableCell-root MuiTableCell-head MuiTableCell-sizeMedium MuiTableCell-root css-xxxxxxxx\\">選択</td><td scope=\\"col\\" class=\\"MuiTableCell-root MuiTableCell-head MuiTableCell-sizeMedium MuiTableCell-root css-xxxxxxxx\\">イメージタグ（注：タグのないイメージは一覧から除外）</td><td scope=\\"col\\" class=\\"MuiTableCell-root MuiTableCell-head MuiTableCell-sizeMedium MuiTableCell-root css-xxxxxxxx\\">プッシュ日時</td><td scope=\\"col\\" class=\\"MuiTableCell-root MuiTableCell-head MuiTableCell-sizeMedium MuiTableCell-root css-xxxxxxxx\\">サイズ（MB）</td></tr></thead><tbody class=\\"MuiTableBody-root css-xxxxxxxx\\"><tr class=\\"MuiTableRow-root css-xxxxxxxx\\"><th scope=\\"row\\" class=\\"MuiTableCell-root MuiTableCell-body MuiTableCell-sizeMedium MuiTableCell-root css-xxxxxxxx\\"><button type=\\"button\\" class=\\"MuiButtonBase-root MuiButton-root MuiButton-contained MuiButton-containedPrimary MuiButton-sizeSmall MuiButton-containedSizeSmall MuiButton-root MuiButtonBase-root css-xxxxxxxx\\" title=\\"hoge, release を選択\\" tabindex=\\"0\\">選択<span class=\\"MuiTouchRipple-root css-xxxxxxxx\\"></span></button></th><td class=\\"MuiTableCell-root MuiTableCell-body MuiTableCell-sizeMedium MuiTableCell-root css-xxxxxxxx\\">hoge, release</td><td class=\\"MuiTableCell-root MuiTableCell-body MuiTableCell-sizeMedium MuiTableCell-root css-xxxxxxxx\\">2022-09-12 14:45</td><td class=\\"MuiTableCell-root MuiTableCell-body MuiTableCell-alignRight MuiTableCell-sizeMedium MuiTableCell-root css-xxxxxxxx\\">0.01</td></tr><tr class=\\"MuiTableRow-root css-xxxxxxxx\\"><th scope=\\"row\\" class=\\"MuiTableCell-root MuiTableCell-body MuiTableCell-sizeMedium MuiTableCell-root css-xxxxxxxx\\"><button type=\\"button\\" class=\\"MuiButtonBase-root MuiButton-root MuiButton-outlined MuiButton-outlinedInherit MuiButton-sizeSmall MuiButton-outlinedSizeSmall MuiButton-colorInherit MuiButton-root MuiButtonBase-root css-xxxxxxxx\\" title=\\"latest を選択\\" tabindex=\\"0\\">選択<span class=\\"MuiTouchRipple-root css-xxxxxxxx\\"></span></button></th><td class=\\"MuiTableCell-root MuiTableCell-body MuiTableCell-sizeMedium MuiTableCell-root css-xxxxxxxx\\">latest</td><td class=\\"MuiTableCell-root MuiTableCell-body MuiTableCell-sizeMedium MuiTableCell-root css-xxxxxxxx\\">2022-09-12 14:45</td><td class=\\"MuiTableCell-root MuiTableCell-body MuiTableCell-alignRight MuiTableCell-sizeMedium MuiTableCell-root css-xxxxxxxx\\">2</td></tr></tbody></table></div></div>"`;

exports[`<ImageList /> > Confirm が表示される（前回選択と違うボタンをクリック） 2`] = `"<div aria-live=\\"polite\\" class=\\"MuiBox-root css-xxxxxxxx\\"><div class=\\"MuiTableContainer-root css-xxxxxxxx\\"><table aria-label=\\"simple table\\" class=\\"MuiTable-root css-xxxxxxxx\\"><thead class=\\"MuiTableHead-root css-xxxxxxxx\\"><tr class=\\"MuiTableRow-root css-xxxxxxxx\\"><td scope=\\"col\\" class=\\"MuiTableCell-root MuiTableCell-head MuiTableCell-sizeMedium MuiTableCell-root css-xxxxxxxx\\">選択</td><td scope=\\"col\\" class=\\"MuiTableCell-root MuiTableCell-head MuiTableCell-sizeMedium MuiTableCell-root css-xxxxxxxx\\">イメージタグ（注：タグのないイメージは一覧から除外）</td><td scope=\\"col\\" class=\\"MuiTableCell-root MuiTableCell-head MuiTableCell-sizeMedium MuiTableCell-root css-xxxxxxxx\\">プッシュ日時</td><td scope=\\"col\\" class=\\"MuiTableCell-root MuiTableCell-head MuiTableCell-sizeMedium MuiTableCell-root css-xxxxxxxx\\">サイズ（MB）</td></tr></thead><tbody class=\\"MuiTableBody-root css-xxxxxxxx\\"><tr class=\\"MuiTableRow-root css-xxxxxxxx\\"><th scope=\\"row\\" class=\\"MuiTableCell-root MuiTableCell-body MuiTableCell-sizeMedium MuiTableCell-root css-xxxxxxxx\\"><button type=\\"button\\" class=\\"MuiButtonBase-root Mui-disabled MuiButton-root MuiButton-contained MuiButton-containedPrimary MuiButton-sizeSmall MuiButton-containedSizeSmall MuiButton-root MuiButtonBase-root css-xxxxxxxx\\" title=\\"hoge, release を選択\\" tabindex=\\"-1\\" disabled=\\"\\">選択</button></th><td class=\\"MuiTableCell-root MuiTableCell-body MuiTableCell-sizeMedium MuiTableCell-root css-xxxxxxxx\\">hoge, release</td><td class=\\"MuiTableCell-root MuiTableCell-body MuiTableCell-sizeMedium MuiTableCell-root css-xxxxxxxx\\">2022-09-12 14:45</td><td class=\\"MuiTableCell-root MuiTableCell-body MuiTableCell-alignRight MuiTableCell-sizeMedium MuiTableCell-root css-xxxxxxxx\\">0.01</td></tr><tr class=\\"MuiTableRow-root css-xxxxxxxx\\"><th scope=\\"row\\" class=\\"MuiTableCell-root MuiTableCell-body MuiTableCell-sizeMedium MuiTableCell-root css-xxxxxxxx\\"><button type=\\"button\\" class=\\"MuiButtonBase-root Mui-disabled MuiButton-root MuiButton-outlined MuiButton-outlinedInherit MuiButton-sizeSmall MuiButton-outlinedSizeSmall MuiButton-colorInherit MuiButton-root MuiButtonBase-root css-xxxxxxxx\\" title=\\"latest を選択\\" tabindex=\\"-1\\" disabled=\\"\\">選択</button></th><td class=\\"MuiTableCell-root MuiTableCell-body MuiTableCell-sizeMedium MuiTableCell-root css-xxxxxxxx\\">latest</td><td class=\\"MuiTableCell-root MuiTableCell-body MuiTableCell-sizeMedium MuiTableCell-root css-xxxxxxxx\\">2022-09-12 14:45</td><td class=\\"MuiTableCell-root MuiTableCell-body MuiTableCell-alignRight MuiTableCell-sizeMedium MuiTableCell-root css-xxxxxxxx\\">2</td></tr></tbody></table></div></div>"`;

exports[`<ImageList /> > 一覧未表示（イメージなし） 1`] = `"<div aria-live=\\"polite\\" class=\\"MuiBox-root css-xxxxxxxx\\"><h6 class=\\"MuiTypography-root MuiTypography-h6 MuiTypography-root css-xxxxxxxx\\">リポジトリにイメージがありません</h6></div>"`;
